// Jest Snapshot v1, https://goo.gl/fbAQLP

exports[`add() allows adding two vectors 1`] = `
Array [
  3,
]
`;
