// Jest Snapshot v1, https://goo.gl/fbAQLP

exports[`divide() divides every component by a number 1`] = `
Vector {
  "components": Array [
    -0,
    -0.25,
    -0,
    0.5,
  ],
}
`;
