// Jest Snapshot v1, https://goo.gl/fbAQLP

exports[`multiply() multiplies every component by a number 1`] = `
Array [
  -0,
  -4,
  -0,
  8,
]
`;
